WCD9320 full register-map dump, Nokia Lumia 1520 (RM-940), 2026-07-31
=====================================================================

Read-only. No register was written. Both SLIMbus functions, two passes each,
two seconds apart, 4096 reads in total. Taken through the read-only wcd9320
module's regmap (reg_base 0x800), so the addresses below are map-relative.

Device state: ADSP running, NGD registered, both codec functions bound,
PGD laddr 0xcb / IFD laddr 0xca, identity major 0x0102 minor 0x0001.

Bus health after all 4096 reads: 0 SLIMbus errors, 0 timeouts, ADSP running,
identity unchanged.

Analysis: docs/audio/wcd9320-register-map.md
Reproduce: tools/wcd9320-regmap-derive.py --fetch
           tools/wcd9320-regmap-derive.py --compare <pass1> --compare-2nd <pass2>

### tool output: PGD (217:a0:1:0), pass 1 vs pass 2 ###

== header ==
  distinct addresses <= 0x3ff : 673
  with a __POR value           : 673
  defined under two names      : 132

== map ==
  addresses in dump        : 1024
  answered (not XX)        : 1024
  documented in header     : 673
  documented and answered  : 673
  documented but XX        : 0
  undocumented, non-zero   : 0
  -> header map and silicon agree in both directions

== reset defaults, by address region ==
  region                   regs     POR!=0    read 00
  top level + analog        289        154          2 (1%)
  digital core              323         87         87 (100%)
  MBHC                       61         15          1 (7%)
  a region at 100% is not reading its reset defaults at all --
  the expected signature of an unclocked or held-in-reset block

== registers differing from __POR ==
  124 of 673
    0x000  POR=00 now=08  [top level + analog]  WCD9XXX_A_CHIP_CTL
    0x004  POR=00 now=01  [top level + analog]  WCD9XXX_A_CHIP_ID_BYTE_0
    0x006  POR=00 now=02  [top level + analog]  WCD9XXX_A_CHIP_ID_BYTE_2
    0x009  POR=10 now=00  [top level + analog]  WCD9XXX_A_SB_VERSION
    0x04b  POR=00 now=02  [top level + analog]  TAIKO_A_QFUSE_DATA_OUT1
    0x04c  POR=00 now=43  [top level + analog]  TAIKO_A_QFUSE_DATA_OUT2
    0x04d  POR=00 now=22  [top level + analog]  TAIKO_A_QFUSE_DATA_OUT3
    0x04e  POR=00 now=c5  [top level + analog]  TAIKO_A_QFUSE_DATA_OUT4
    0x04f  POR=00 now=7e  [top level + analog]  TAIKO_A_QFUSE_DATA_OUT5
    0x050  POR=00 now=2c  [top level + analog]  TAIKO_A_QFUSE_DATA_OUT6
    0x051  POR=00 now=48  [top level + analog]  TAIKO_A_QFUSE_DATA_OUT7
    0x14b  POR=00 now=0e  [top level + analog]  TAIKO_A_MBHC_INSERT_DET_STATUS, WCD9XXX_A_MBHC_INSERT_DET_STATUS
    0x183  POR=cc now=ce  [top level + analog]  TAIKO_A_BUCK_MODE_3, WCD9XXX_A_BUCK_MODE_3
    0x186  POR=48 now=08  [top level + analog]  TAIKO_A_BUCK_CTRL_VCL_1, WCD9XXX_A_BUCK_CTRL_VCL_1
    0x189  POR=ab now=5b  [top level + analog]  TAIKO_A_BUCK_CTRL_CCL_1, WCD9XXX_A_BUCK_CTRL_CCL_1
    0x18c  POR=58 now=51  [top level + analog]  TAIKO_A_BUCK_CTRL_CCL_4, WCD9XXX_A_BUCK_CTRL_CCL_4
    0x198  POR=00 now=10  [top level + analog]  TAIKO_A_NCP_DTEST
    0x1a5  POR=b4 now=a4  [top level + analog]  TAIKO_A_RX_HPH_CHOP_CTL
    0x1a6  POR=aa now=7a  [top level + analog]  TAIKO_A_RX_HPH_BIAS_PA
    0x1aa  POR=68 now=69  [top level + analog]  TAIKO_A_RX_HPH_OCP_CTL, WCD9XXX_A_RX_HPH_OCP_CTL
    0x1ac  POR=de now=da  [top level + analog]  TAIKO_A_RX_HPH_CNP_WG_CTL
    0x1ad  POR=2a now=15  [top level + analog]  TAIKO_A_RX_HPH_CNP_WG_TIME, WCD9XXX_A_RX_HPH_CNP_WG_TIME
    0x1b3  POR=00 now=04  [top level + analog]  TAIKO_A_RX_HPH_L_STATUS, WCD9XXX_A_RX_HPH_L_STATUS
    0x1b9  POR=00 now=04  [top level + analog]  TAIKO_A_RX_HPH_R_STATUS
    0x1ba  POR=a6 now=76  [top level + analog]  TAIKO_A_RX_EAR_BIAS_PA
    0x1be  POR=04 now=05  [top level + analog]  TAIKO_A_RX_EAR_CMBUFF
    0x1c2  POR=f2 now=c0  [top level + analog]  TAIKO_A_RX_EAR_CNP
    0x1c6  POR=a8 now=78  [top level + analog]  TAIKO_A_RX_LINE_BIAS_PA
    0x1ce  POR=00 now=02  [top level + analog]  TAIKO_A_RX_LINE_1_TEST
    0x1d2  POR=00 now=02  [top level + analog]  TAIKO_A_RX_LINE_2_TEST
    0x1d6  POR=00 now=02  [top level + analog]  TAIKO_A_RX_LINE_3_TEST
    0x1da  POR=00 now=02  [top level + analog]  TAIKO_A_RX_LINE_4_TEST
    0x1e2  POR=98 now=97  [top level + analog]  TAIKO_A_SPKR_DRV_OCP_CTL
    0x1e3  POR=48 now=01  [top level + analog]  TAIKO_A_SPKR_DRV_CLIP_DET
    0x1e4  POR=20 now=00  [top level + analog]  TAIKO_A_SPKR_DRV_IEC
    0x1fd  POR=00 now=94  [top level + analog]  TAIKO_A_RC_OSC_TUNER
    0x223  POR=08 now=00  [digital core]  TAIKO_A_CDC_TX1_MUX_CTL
    0x224  POR=03 now=00  [digital core]  TAIKO_A_CDC_TX1_CLK_FS_CTL
    0x22b  POR=08 now=00  [digital core]  TAIKO_A_CDC_TX2_MUX_CTL
    0x22c  POR=03 now=00  [digital core]  TAIKO_A_CDC_TX2_CLK_FS_CTL
    0x233  POR=08 now=00  [digital core]  TAIKO_A_CDC_TX3_MUX_CTL
    0x234  POR=03 now=00  [digital core]  TAIKO_A_CDC_TX3_CLK_FS_CTL
    0x23b  POR=08 now=00  [digital core]  TAIKO_A_CDC_TX4_MUX_CTL
    0x23c  POR=03 now=00  [digital core]  TAIKO_A_CDC_TX4_CLK_FS_CTL
    0x243  POR=08 now=00  [digital core]  TAIKO_A_CDC_TX5_MUX_CTL
    0x244  POR=03 now=00  [digital core]  TAIKO_A_CDC_TX5_CLK_FS_CTL
    0x24b  POR=08 now=00  [digital core]  TAIKO_A_CDC_TX6_MUX_CTL
    0x24c  POR=03 now=00  [digital core]  TAIKO_A_CDC_TX6_CLK_FS_CTL
    0x253  POR=08 now=00  [digital core]  TAIKO_A_CDC_TX7_MUX_CTL
    0x254  POR=03 now=00  [digital core]  TAIKO_A_CDC_TX7_CLK_FS_CTL
    0x25b  POR=08 now=00  [digital core]  TAIKO_A_CDC_TX8_MUX_CTL
    0x25c  POR=03 now=00  [digital core]  TAIKO_A_CDC_TX8_CLK_FS_CTL
    0x263  POR=08 now=00  [digital core]  TAIKO_A_CDC_TX9_MUX_CTL
    0x264  POR=03 now=00  [digital core]  TAIKO_A_CDC_TX9_CLK_FS_CTL
    0x26b  POR=08 now=00  [digital core]  TAIKO_A_CDC_TX10_MUX_CTL
    0x26c  POR=03 now=00  [digital core]  TAIKO_A_CDC_TX10_CLK_FS_CTL
    0x2a1  POR=1b now=00  [digital core]  TAIKO_A_CDC_SRC1_FS_CTL
    0x2a9  POR=1b now=00  [digital core]  TAIKO_A_CDC_SRC2_FS_CTL
    0x2b4  POR=78 now=00  [digital core]  TAIKO_A_CDC_RX1_B5_CTL
    0x2b5  POR=80 now=00  [digital core]  TAIKO_A_CDC_RX1_B6_CTL
    0x2bc  POR=78 now=00  [digital core]  TAIKO_A_CDC_RX2_B5_CTL
    0x2bd  POR=80 now=00  [digital core]  TAIKO_A_CDC_RX2_B6_CTL
    0x2c4  POR=78 now=00  [digital core]  TAIKO_A_CDC_RX3_B5_CTL
    0x2c5  POR=80 now=00  [digital core]  TAIKO_A_CDC_RX3_B6_CTL
    0x2cc  POR=78 now=00  [digital core]  TAIKO_A_CDC_RX4_B5_CTL
    0x2cd  POR=80 now=00  [digital core]  TAIKO_A_CDC_RX4_B6_CTL
    0x2d4  POR=78 now=00  [digital core]  TAIKO_A_CDC_RX5_B5_CTL
    0x2d5  POR=80 now=00  [digital core]  TAIKO_A_CDC_RX5_B6_CTL
    0x2dc  POR=78 now=00  [digital core]  TAIKO_A_CDC_RX6_B5_CTL
    0x2dd  POR=80 now=00  [digital core]  TAIKO_A_CDC_RX6_B6_CTL
    0x2e4  POR=78 now=00  [digital core]  TAIKO_A_CDC_RX7_B5_CTL
    0x2e5  POR=80 now=00  [digital core]  TAIKO_A_CDC_RX7_B6_CTL
    0x2e8  POR=1a now=00  [digital core]  TAIKO_A_CDC_VBAT_CFG
    0x2eb  POR=04 now=00  [digital core]  TAIKO_A_CDC_VBAT_ADC_CAL3
    0x2ec  POR=e0 now=00  [digital core]  TAIKO_A_CDC_VBAT_PK_EST1
    0x2ed  POR=01 now=00  [digital core]  TAIKO_A_CDC_VBAT_PK_EST2
    0x2ee  POR=40 now=00  [digital core]  TAIKO_A_CDC_VBAT_PK_EST3
    0x2ef  POR=2a now=00  [digital core]  TAIKO_A_CDC_VBAT_RF_PROC1
    0x2f0  POR=86 now=00  [digital core]  TAIKO_A_CDC_VBAT_RF_PROC2
    0x2f1  POR=70 now=00  [digital core]  TAIKO_A_CDC_VBAT_TAC1
    0x2f2  POR=18 now=00  [digital core]  TAIKO_A_CDC_VBAT_TAC2
    0x2f3  POR=18 now=00  [digital core]  TAIKO_A_CDC_VBAT_TAC3
    0x2f4  POR=03 now=00  [digital core]  TAIKO_A_CDC_VBAT_TAC4
    0x2f5  POR=01 now=00  [digital core]  TAIKO_A_CDC_VBAT_GAIN_UPD1
    0x2f7  POR=64 now=00  [digital core]  TAIKO_A_CDC_VBAT_GAIN_UPD3
    0x2f8  POR=01 now=00  [digital core]  TAIKO_A_CDC_VBAT_GAIN_UPD4
    0x306  POR=03 now=00  [digital core]  TAIKO_A_CDC_CLK_RX_I2S_CTL
    0x307  POR=03 now=00  [digital core]  TAIKO_A_CDC_CLK_TX_I2S_CTL
    0x320  POR=e4 now=00  [digital core]  TAIKO_A_CDC_CLSH_B1_CTL, WCD9XXX_A_CDC_CLSH_B1_CTL
    0x324  POR=12 now=00  [digital core]  TAIKO_A_CDC_CLSH_IDLE_HPH_THSD, WCD9XXX_A_CDC_CLSH_IDLE_HPH_THSD
    0x325  POR=0c now=00  [digital core]  TAIKO_A_CDC_CLSH_IDLE_EAR_THSD, WCD9XXX_A_CDC_CLSH_IDLE_EAR_THSD
    0x326  POR=18 now=00  [digital core]  TAIKO_A_CDC_CLSH_FCLKONLY_HPH_THSD, WCD9XXX_A_CDC_CLSH_FCLKONLY_HPH_THSD
    0x327  POR=23 now=00  [digital core]  TAIKO_A_CDC_CLSH_FCLKONLY_EAR_THSD, WCD9XXX_A_CDC_CLSH_FCLKONLY_EAR_THSD
    0x329  POR=a4 now=00  [digital core]  TAIKO_A_CDC_CLSH_K_DATA, WCD9XXX_A_CDC_CLSH_K_DATA
    0x32a  POR=d7 now=00  [digital core]  TAIKO_A_CDC_CLSH_I_PA_FACT_HPH_L, WCD9XXX_A_CDC_CLSH_I_PA_FACT_HPH_L
    0x32b  POR=05 now=00  [digital core]  TAIKO_A_CDC_CLSH_I_PA_FACT_HPH_U, WCD9XXX_A_CDC_CLSH_I_PA_FACT_HPH_U
    0x32c  POR=60 now=00  [digital core]  TAIKO_A_CDC_CLSH_I_PA_FACT_EAR_L, WCD9XXX_A_CDC_CLSH_I_PA_FACT_EAR_L
    0x32d  POR=09 now=00  [digital core]  TAIKO_A_CDC_CLSH_I_PA_FACT_EAR_U, WCD9XXX_A_CDC_CLSH_I_PA_FACT_EAR_U
    0x348  POR=40 now=00  [digital core]  TAIKO_A_CDC_IIR1_CTL
    0x358  POR=40 now=00  [digital core]  TAIKO_A_CDC_IIR2_CTL
    0x368  POR=30 now=00  [digital core]  TAIKO_A_CDC_COMP0_B1_CTL
    0x369  POR=b5 now=00  [digital core]  TAIKO_A_CDC_COMP0_B2_CTL
    0x36a  POR=28 now=00  [digital core]  TAIKO_A_CDC_COMP0_B3_CTL
    0x36b  POR=3c now=00  [digital core]  TAIKO_A_CDC_COMP0_B4_CTL
    0x36c  POR=1f now=00  [digital core]  TAIKO_A_CDC_COMP0_B5_CTL
    0x36e  POR=03 now=00  [digital core]  TAIKO_A_CDC_COMP0_SHUT_DOWN_STATUS
    0x36f  POR=03 now=00  [digital core]  TAIKO_A_CDC_COMP0_FS_CFG
    0x370  POR=30 now=00  [digital core]  TAIKO_A_CDC_COMP1_B1_CTL
    0x371  POR=b5 now=00  [digital core]  TAIKO_A_CDC_COMP1_B2_CTL
    0x372  POR=28 now=00  [digital core]  TAIKO_A_CDC_COMP1_B3_CTL
    0x373  POR=3c now=00  [digital core]  TAIKO_A_CDC_COMP1_B4_CTL
    0x374  POR=1f now=00  [digital core]  TAIKO_A_CDC_COMP1_B5_CTL
    0x376  POR=03 now=00  [digital core]  TAIKO_A_CDC_COMP1_SHUT_DOWN_STATUS
    0x377  POR=03 now=00  [digital core]  TAIKO_A_CDC_COMP1_FS_CFG
    0x378  POR=30 now=00  [digital core]  TAIKO_A_CDC_COMP2_B1_CTL
    0x379  POR=b5 now=00  [digital core]  TAIKO_A_CDC_COMP2_B2_CTL
    0x37a  POR=28 now=00  [digital core]  TAIKO_A_CDC_COMP2_B3_CTL
    0x37b  POR=3c now=00  [digital core]  TAIKO_A_CDC_COMP2_B4_CTL
    0x37c  POR=1f now=00  [digital core]  TAIKO_A_CDC_COMP2_B5_CTL
    0x37e  POR=03 now=00  [digital core]  TAIKO_A_CDC_COMP2_SHUT_DOWN_STATUS
    0x37f  POR=03 now=00  [digital core]  TAIKO_A_CDC_COMP2_FS_CFG
    0x3b1  POR=01 now=00  [digital core]  TAIKO_A_CDC_CONN_MISC
    0x3b2  POR=01 now=00  [digital core]  TAIKO_A_CDC_CONN_MAD
    0x3eb  POR=40 now=00  [MBHC]  TAIKO_A_CDC_MAD_AUDIO_IIR_CTL_VAL

== changed between two reads, no write in between ==
  0 registers
  none. This is a weak negative: with the core dark, every
  interrupt masked and no audio path configured, there is
  little that could have changed. Not a volatile-set result.


### tool output: IFD (217:a0:0:0), pass 1 vs pass 2 ###
### (header names are for the PGD map; the IFD has its own layout,
###  so the __POR comparison below is not meaningful for it --
###  the useful lines are the map counts and the volatility check)

== header ==
  distinct addresses <= 0x3ff : 673
  with a __POR value           : 673
  defined under two names      : 132

== map ==
  addresses in dump        : 1024
  answered (not XX)        : 1024
  documented in header     : 673
  documented and answered  : 673
  documented but XX        : 0
  undocumented, non-zero   : 2
      0x002 = 01
      0x021 = 47

== reset defaults, by address region ==
  region                   regs     POR!=0    read 00
  top level + analog        289        154        153 (99%)
  digital core              323         87         87 (100%)
  MBHC                       61         15         15 (100%)
  a region at 100% is not reading its reset defaults at all --
  the expected signature of an unclocked or held-in-reset block

== registers differing from __POR ==
  257 of 673
== changed between two reads, no write in between ==
  0 registers
  none. This is a weak negative: with the core dark, every
  interrupt masked and no audio path configured, there is
  little that could have changed. Not a volatile-set result.


### raw dump: PGD (217:a0:1:0) pass 1 ###
000: 08
001: 00
002: 00
003: 00
004: 01
005: 00
006: 02
007: 01
008: 20
009: 00
00a: 00
00b: 00
00c: 77
00d: 66
00e: 55
00f: 00
010: 00
011: 00
012: 00
013: 00
014: 00
015: 00
016: 00
017: 00
018: 00
019: 08
01a: 00
01b: 00
01c: 00
01d: 00
01e: 00
01f: 00
020: 44
021: 00
022: 00
023: 00
024: 00
025: 00
026: 00
027: 00
028: 00
029: 00
02a: 00
02b: 00
02c: 00
02d: 00
02e: 00
02f: 00
030: 00
031: 00
032: 00
033: 00
034: 00
035: 00
036: 00
037: 00
038: 00
039: 00
03a: 00
03b: 00
03c: 00
03d: 00
03e: 00
03f: 00
040: 80
041: 00
042: 00
043: 01
044: 00
045: 00
046: 00
047: 00
048: 00
049: 00
04a: 00
04b: 02
04c: 43
04d: 22
04e: c5
04f: 7e
050: 2c
051: 48
052: 00
053: 00
054: 00
055: 00
056: 00
057: 00
058: 00
059: 00
05a: 00
05b: 00
05c: 00
05d: 00
05e: 00
05f: 00
060: 00
061: 00
062: 00
063: 00
064: 00
065: 00
066: 00
067: 00
068: 00
069: 00
06a: 00
06b: 00
06c: 00
06d: 00
06e: 00
06f: 00
070: 00
071: 00
072: 00
073: 00
074: 00
075: 00
076: 00
077: 00
078: 00
079: 00
07a: 00
07b: 00
07c: 00
07d: 00
07e: 00
07f: 00
080: 00
081: 00
082: 00
083: 00
084: 00
085: 00
086: 00
087: 00
088: 04
089: 00
08a: 00
08b: 00
08c: 00
08d: 00
08e: 00
08f: 00
090: 00
091: 00
092: 00
093: 00
094: ff
095: ff
096: 3f
097: 3f
098: 00
099: 00
09a: 00
09b: 00
09c: 00
09d: 00
09e: 00
09f: 00
0a0: 01
0a1: 00
0a2: 00
0a3: 00
0a4: 00
0a5: 00
0a6: 00
0a7: 00
0a8: 00
0a9: 00
0aa: 00
0ab: 00
0ac: 00
0ad: 00
0ae: 00
0af: 00
0b0: 00
0b1: 00
0b2: 00
0b3: 00
0b4: 00
0b5: 00
0b6: 00
0b7: 00
0b8: 00
0b9: 00
0ba: 00
0bb: 00
0bc: 00
0bd: 00
0be: 00
0bf: 00
0c0: 00
0c1: 00
0c2: 00
0c3: 00
0c4: 00
0c5: 00
0c6: 00
0c7: 00
0c8: 00
0c9: 00
0ca: 00
0cb: 00
0cc: 00
0cd: 00
0ce: 00
0cf: 00
0d0: 00
0d1: 00
0d2: 00
0d3: 00
0d4: 00
0d5: 00
0d6: 00
0d7: 00
0d8: 00
0d9: 00
0da: 00
0db: 00
0dc: 00
0dd: 00
0de: 00
0df: 00
0e0: 00
0e1: 00
0e2: 00
0e3: 00
0e4: 00
0e5: 00
0e6: 00
0e7: 00
0e8: 00
0e9: 00
0ea: 00
0eb: 00
0ec: 00
0ed: 00
0ee: 00
0ef: 00
0f0: 00
0f1: 00
0f2: 00
0f3: 00
0f4: 00
0f5: 00
0f6: 00
0f7: 00
0f8: 00
0f9: 00
0fa: 00
0fb: 00
0fc: 00
0fd: 00
0fe: 00
0ff: 00
100: 1c
101: 50
102: 07
103: 52
104: 00
105: 16
106: 00
107: 00
108: 04
109: 02
10a: 00
10b: 00
10c: 00
10d: 00
10e: 00
10f: 00
110: 65
111: a8
112: 6b
113: 84
114: e0
115: 6d
116: a5
117: 60
118: 03
119: 02
11a: 20
11b: 00
11c: 48
11d: 03
11e: 00
11f: 00
120: 00
121: 00
122: 00
123: 00
124: 00
125: 00
126: 00
127: 00
128: 40
129: 80
12a: 38
12b: 16
12c: 24
12d: 01
12e: 40
12f: 80
130: 38
131: 16
132: 24
133: 02
134: 40
135: 80
136: 38
137: 16
138: 24
139: 00
13a: 00
13b: 00
13c: 00
13d: 16
13e: 24
13f: 01
140: 00
141: 00
142: 00
143: 00
144: 00
145: 00
146: 00
147: 00
148: 00
149: 00
14a: 00
14b: 0e
14c: f0
14d: 00
14e: 00
14f: 80
150: f1
151: 00
152: 80
153: 02
154: cc
155: 02
156: 44
157: 00
158: 38
159: fc
15a: 55
15b: 00
15c: 00
15d: 02
15e: cc
15f: 02
160: 44
161: 00
162: 38
163: fc
164: 55
165: 00
166: 00
167: 02
168: cc
169: 02
16a: 44
16b: 00
16c: 38
16d: fc
16e: 55
16f: 00
170: 00
171: 0c
172: 00
173: 44
174: 38
175: 00
176: 0b
177: 00
178: 00
179: 00
17a: 00
17b: 00
17c: 00
17d: 00
17e: 00
17f: 00
180: 00
181: 21
182: ff
183: ce
184: 3a
185: 00
186: 08
187: a3
188: 82
189: 5b
18a: dc
18b: 6a
18c: 51
18d: 50
18e: 64
18f: 77
190: 00
191: 00
192: fe
193: 94
194: 28
195: 88
196: a0
197: 00
198: 10
199: 06
19a: 06
19b: 00
19c: 00
19d: 00
19e: e8
19f: 1f
1a0: 77
1a1: 00
1a2: 00
1a3: 00
1a4: 38
1a5: a4
1a6: 7a
1a7: 87
1a8: 8a
1a9: 2a
1aa: 69
1ab: 80
1ac: da
1ad: 15
1ae: 00
1af: 00
1b0: 40
1b1: 00
1b2: 00
1b3: 04
1b4: 00
1b5: 00
1b6: 40
1b7: 00
1b8: 00
1b9: 04
1ba: 76
1bb: a0
1bc: 00
1bd: 02
1be: 05
1bf: 40
1c0: 08
1c1: 03
1c2: c0
1c3: 00
1c4: 00
1c5: 04
1c6: 78
1c7: 42
1c8: 84
1c9: 80
1ca: 00
1cb: 00
1cc: 04
1cd: 00
1ce: 02
1cf: 00
1d0: 00
1d1: 00
1d2: 02
1d3: 00
1d4: 00
1d5: 00
1d6: 02
1d7: 00
1d8: 00
1d9: 00
1da: 02
1db: 00
1dc: 00
1dd: 00
1de: 00
1df: 6f
1e0: 00
1e1: 04
1e2: 97
1e3: 01
1e4: 00
1e5: 05
1e6: 18
1e7: 00
1e8: 45
1e9: a5
1ea: 55
1eb: 00
1ec: 00
1ed: 00
1ee: 44
1ef: 44
1f0: 44
1f1: 00
1f2: 38
1f3: fc
1f4: 00
1f5: 00
1f6: 00
1f7: 00
1f8: 00
1f9: 00
1fa: 46
1fb: 0a
1fc: 18
1fd: 94
1fe: 44
1ff: 00
200: 00
201: 00
202: 00
203: 00
204: 00
205: 00
206: 00
207: 00
208: 00
209: 00
20a: 00
20b: 00
20c: 00
20d: 00
20e: 00
20f: 00
210: 00
211: 00
212: 00
213: 00
214: 00
215: 00
216: 00
217: 00
218: 00
219: 00
21a: 00
21b: 00
21c: 00
21d: 00
21e: 00
21f: 00
220: 00
221: 00
222: 00
223: 00
224: 00
225: 00
226: 00
227: 00
228: 00
229: 00
22a: 00
22b: 00
22c: 00
22d: 00
22e: 00
22f: 00
230: 00
231: 00
232: 00
233: 00
234: 00
235: 00
236: 00
237: 00
238: 00
239: 00
23a: 00
23b: 00
23c: 00
23d: 00
23e: 00
23f: 00
240: 00
241: 00
242: 00
243: 00
244: 00
245: 00
246: 00
247: 00
248: 00
249: 00
24a: 00
24b: 00
24c: 00
24d: 00
24e: 00
24f: 00
250: 00
251: 00
252: 00
253: 00
254: 00
255: 00
256: 00
257: 00
258: 00
259: 00
25a: 00
25b: 00
25c: 00
25d: 00
25e: 00
25f: 00
260: 00
261: 00
262: 00
263: 00
264: 00
265: 00
266: 00
267: 00
268: 00
269: 00
26a: 00
26b: 00
26c: 00
26d: 00
26e: 00
26f: 00
270: 00
271: 00
272: 00
273: 00
274: 00
275: 00
276: 00
277: 00
278: 00
279: 00
27a: 00
27b: 00
27c: 00
27d: 00
27e: 00
27f: 00
280: 00
281: 00
282: 00
283: 00
284: 00
285: 00
286: 00
287: 00
288: 00
289: 00
28a: 00
28b: 00
28c: 00
28d: 00
28e: 00
28f: 00
290: 00
291: 00
292: 00
293: 00
294: 00
295: 00
296: 00
297: 00
298: 00
299: 00
29a: 00
29b: 00
29c: 00
29d: 00
29e: 00
29f: 00
2a0: 00
2a1: 00
2a2: 00
2a3: 00
2a4: 00
2a5: 00
2a6: 00
2a7: 00
2a8: 00
2a9: 00
2aa: 00
2ab: 00
2ac: 00
2ad: 00
2ae: 00
2af: 00
2b0: 00
2b1: 00
2b2: 00
2b3: 00
2b4: 00
2b5: 00
2b6: 00
2b7: 00
2b8: 00
2b9: 00
2ba: 00
2bb: 00
2bc: 00
2bd: 00
2be: 00
2bf: 00
2c0: 00
2c1: 00
2c2: 00
2c3: 00
2c4: 00
2c5: 00
2c6: 00
2c7: 00
2c8: 00
2c9: 00
2ca: 00
2cb: 00
2cc: 00
2cd: 00
2ce: 00
2cf: 00
2d0: 00
2d1: 00
2d2: 00
2d3: 00
2d4: 00
2d5: 00
2d6: 00
2d7: 00
2d8: 00
2d9: 00
2da: 00
2db: 00
2dc: 00
2dd: 00
2de: 00
2df: 00
2e0: 00
2e1: 00
2e2: 00
2e3: 00
2e4: 00
2e5: 00
2e6: 00
2e7: 00
2e8: 00
2e9: 00
2ea: 00
2eb: 00
2ec: 00
2ed: 00
2ee: 00
2ef: 00
2f0: 00
2f1: 00
2f2: 00
2f3: 00
2f4: 00
2f5: 00
2f6: 00
2f7: 00
2f8: 00
2f9: 00
2fa: 00
2fb: 00
2fc: 00
2fd: 00
2fe: 00
2ff: 00
300: 00
301: 00
302: 00
303: 00
304: 00
305: 00
306: 00
307: 00
308: 00
309: 00
30a: 00
30b: 00
30c: 00
30d: 00
30e: 00
30f: 00
310: 00
311: 00
312: 00
313: 00
314: 00
315: 00
316: 00
317: 00
318: 00
319: 00
31a: 00
31b: 00
31c: 00
31d: 00
31e: 00
31f: 00
320: 00
321: 00
322: 00
323: 00
324: 00
325: 00
326: 00
327: 00
328: 00
329: 00
32a: 00
32b: 00
32c: 00
32d: 00
32e: 00
32f: 00
330: 00
331: 00
332: 00
333: 00
334: 00
335: 00
336: 00
337: 00
338: 00
339: 00
33a: 00
33b: 00
33c: 00
33d: 00
33e: 00
33f: 00
340: 00
341: 00
342: 00
343: 00
344: 00
345: 00
346: 00
347: 00
348: 00
349: 00
34a: 00
34b: 00
34c: 00
34d: 00
34e: 00
34f: 00
350: 00
351: 00
352: 00
353: 00
354: 00
355: 00
356: 00
357: 00
358: 00
359: 00
35a: 00
35b: 00
35c: 00
35d: 00
35e: 00
35f: 00
360: 00
361: 00
362: 00
363: 00
364: 00
365: 00
366: 00
367: 00
368: 00
369: 00
36a: 00
36b: 00
36c: 00
36d: 00
36e: 00
36f: 00
370: 00
371: 00
372: 00
373: 00
374: 00
375: 00
376: 00
377: 00
378: 00
379: 00
37a: 00
37b: 00
37c: 00
37d: 00
37e: 00
37f: 00
380: 00
381: 00
382: 00
383: 00
384: 00
385: 00
386: 00
387: 00
388: 00
389: 00
38a: 00
38b: 00
38c: 00
38d: 00
38e: 00
38f: 00
390: 00
391: 00
392: 00
393: 00
394: 00
395: 00
396: 00
397: 00
398: 00
399: 00
39a: 00
39b: 00
39c: 00
39d: 00
39e: 00
39f: 00
3a0: 00
3a1: 00
3a2: 00
3a3: 00
3a4: 00
3a5: 00
3a6: 00
3a7: 00
3a8: 00
3a9: 00
3aa: 00
3ab: 00
3ac: 00
3ad: 00
3ae: 00
3af: 00
3b0: 00
3b1: 00
3b2: 00
3b3: 00
3b4: 00
3b5: 00
3b6: 00
3b7: 00
3b8: 00
3b9: 00
3ba: 00
3bb: 00
3bc: 00
3bd: 00
3be: 00
3bf: 00
3c0: 00
3c1: 00
3c2: 06
3c3: 03
3c4: 09
3c5: 1e
3c6: 45
3c7: 04
3c8: 78
3c9: 00
3ca: 00
3cb: 00
3cc: 00
3cd: 00
3ce: c0
3cf: 5d
3d0: 00
3d1: 00
3d2: 00
3d3: 00
3d4: 00
3d5: 00
3d6: ff
3d7: 07
3d8: ff
3d9: 7f
3da: 00
3db: 80
3dc: 00
3dd: 00
3de: 00
3df: 00
3e0: 00
3e1: 00
3e2: 00
3e3: 00
3e4: 00
3e5: 00
3e6: 00
3e7: 00
3e8: 00
3e9: 00
3ea: 00
3eb: 00
3ec: 00
3ed: 00
3ee: 00
3ef: 00
3f0: 00
3f1: 00
3f2: 00
3f3: 00
3f4: 00
3f5: 00
3f6: 00
3f7: 00
3f8: 00
3f9: 00
3fa: 00
3fb: 00
3fc: 00
3fd: 00
3fe: 00
3ff: 00

### raw dump: PGD (217:a0:1:0) pass 2 ###
000: 08
001: 00
002: 00
003: 00
004: 01
005: 00
006: 02
007: 01
008: 20
009: 00
00a: 00
00b: 00
00c: 77
00d: 66
00e: 55
00f: 00
010: 00
011: 00
012: 00
013: 00
014: 00
015: 00
016: 00
017: 00
018: 00
019: 08
01a: 00
01b: 00
01c: 00
01d: 00
01e: 00
01f: 00
020: 44
021: 00
022: 00
023: 00
024: 00
025: 00
026: 00
027: 00
028: 00
029: 00
02a: 00
02b: 00
02c: 00
02d: 00
02e: 00
02f: 00
030: 00
031: 00
032: 00
033: 00
034: 00
035: 00
036: 00
037: 00
038: 00
039: 00
03a: 00
03b: 00
03c: 00
03d: 00
03e: 00
03f: 00
040: 80
041: 00
042: 00
043: 01
044: 00
045: 00
046: 00
047: 00
048: 00
049: 00
04a: 00
04b: 02
04c: 43
04d: 22
04e: c5
04f: 7e
050: 2c
051: 48
052: 00
053: 00
054: 00
055: 00
056: 00
057: 00
058: 00
059: 00
05a: 00
05b: 00
05c: 00
05d: 00
05e: 00
05f: 00
060: 00
061: 00
062: 00
063: 00
064: 00
065: 00
066: 00
067: 00
068: 00
069: 00
06a: 00
06b: 00
06c: 00
06d: 00
06e: 00
06f: 00
070: 00
071: 00
072: 00
073: 00
074: 00
075: 00
076: 00
077: 00
078: 00
079: 00
07a: 00
07b: 00
07c: 00
07d: 00
07e: 00
07f: 00
080: 00
081: 00
082: 00
083: 00
084: 00
085: 00
086: 00
087: 00
088: 04
089: 00
08a: 00
08b: 00
08c: 00
08d: 00
08e: 00
08f: 00
090: 00
091: 00
092: 00
093: 00
094: ff
095: ff
096: 3f
097: 3f
098: 00
099: 00
09a: 00
09b: 00
09c: 00
09d: 00
09e: 00
09f: 00
0a0: 01
0a1: 00
0a2: 00
0a3: 00
0a4: 00
0a5: 00
0a6: 00
0a7: 00
0a8: 00
0a9: 00
0aa: 00
0ab: 00
0ac: 00
0ad: 00
0ae: 00
0af: 00
0b0: 00
0b1: 00
0b2: 00
0b3: 00
0b4: 00
0b5: 00
0b6: 00
0b7: 00
0b8: 00
0b9: 00
0ba: 00
0bb: 00
0bc: 00
0bd: 00
0be: 00
0bf: 00
0c0: 00
0c1: 00
0c2: 00
0c3: 00
0c4: 00
0c5: 00
0c6: 00
0c7: 00
0c8: 00
0c9: 00
0ca: 00
0cb: 00
0cc: 00
0cd: 00
0ce: 00
0cf: 00
0d0: 00
0d1: 00
0d2: 00
0d3: 00
0d4: 00
0d5: 00
0d6: 00
0d7: 00
0d8: 00
0d9: 00
0da: 00
0db: 00
0dc: 00
0dd: 00
0de: 00
0df: 00
0e0: 00
0e1: 00
0e2: 00
0e3: 00
0e4: 00
0e5: 00
0e6: 00
0e7: 00
0e8: 00
0e9: 00
0ea: 00
0eb: 00
0ec: 00
0ed: 00
0ee: 00
0ef: 00
0f0: 00
0f1: 00
0f2: 00
0f3: 00
0f4: 00
0f5: 00
0f6: 00
0f7: 00
0f8: 00
0f9: 00
0fa: 00
0fb: 00
0fc: 00
0fd: 00
0fe: 00
0ff: 00
100: 1c
101: 50
102: 07
103: 52
104: 00
105: 16
106: 00
107: 00
108: 04
109: 02
10a: 00
10b: 00
10c: 00
10d: 00
10e: 00
10f: 00
110: 65
111: a8
112: 6b
113: 84
114: e0
115: 6d
116: a5
117: 60
118: 03
119: 02
11a: 20
11b: 00
11c: 48
11d: 03
11e: 00
11f: 00
120: 00
121: 00
122: 00
123: 00
124: 00
125: 00
126: 00
127: 00
128: 40
129: 80
12a: 38
12b: 16
12c: 24
12d: 01
12e: 40
12f: 80
130: 38
131: 16
132: 24
133: 02
134: 40
135: 80
136: 38
137: 16
138: 24
139: 00
13a: 00
13b: 00
13c: 00
13d: 16
13e: 24
13f: 01
140: 00
141: 00
142: 00
143: 00
144: 00
145: 00
146: 00
147: 00
148: 00
149: 00
14a: 00
14b: 0e
14c: f0
14d: 00
14e: 00
14f: 80
150: f1
151: 00
152: 80
153: 02
154: cc
155: 02
156: 44
157: 00
158: 38
159: fc
15a: 55
15b: 00
15c: 00
15d: 02
15e: cc
15f: 02
160: 44
161: 00
162: 38
163: fc
164: 55
165: 00
166: 00
167: 02
168: cc
169: 02
16a: 44
16b: 00
16c: 38
16d: fc
16e: 55
16f: 00
170: 00
171: 0c
172: 00
173: 44
174: 38
175: 00
176: 0b
177: 00
178: 00
179: 00
17a: 00
17b: 00
17c: 00
17d: 00
17e: 00
17f: 00
180: 00
181: 21
182: ff
183: ce
184: 3a
185: 00
186: 08
187: a3
188: 82
189: 5b
18a: dc
18b: 6a
18c: 51
18d: 50
18e: 64
18f: 77
190: 00
191: 00
192: fe
193: 94
194: 28
195: 88
196: a0
197: 00
198: 10
199: 06
19a: 06
19b: 00
19c: 00
19d: 00
19e: e8
19f: 1f
1a0: 77
1a1: 00
1a2: 00
1a3: 00
1a4: 38
1a5: a4
1a6: 7a
1a7: 87
1a8: 8a
1a9: 2a
1aa: 69
1ab: 80
1ac: da
1ad: 15
1ae: 00
1af: 00
1b0: 40
1b1: 00
1b2: 00
1b3: 04
1b4: 00
1b5: 00
1b6: 40
1b7: 00
1b8: 00
1b9: 04
1ba: 76
1bb: a0
1bc: 00
1bd: 02
1be: 05
1bf: 40
1c0: 08
1c1: 03
1c2: c0
1c3: 00
1c4: 00
1c5: 04
1c6: 78
1c7: 42
1c8: 84
1c9: 80
1ca: 00
1cb: 00
1cc: 04
1cd: 00
1ce: 02
1cf: 00
1d0: 00
1d1: 00
1d2: 02
1d3: 00
1d4: 00
1d5: 00
1d6: 02
1d7: 00
1d8: 00
1d9: 00
1da: 02
1db: 00
1dc: 00
1dd: 00
1de: 00
1df: 6f
1e0: 00
1e1: 04
1e2: 97
1e3: 01
1e4: 00
1e5: 05
1e6: 18
1e7: 00
1e8: 45
1e9: a5
1ea: 55
1eb: 00
1ec: 00
1ed: 00
1ee: 44
1ef: 44
1f0: 44
1f1: 00
1f2: 38
1f3: fc
1f4: 00
1f5: 00
1f6: 00
1f7: 00
1f8: 00
1f9: 00
1fa: 46
1fb: 0a
1fc: 18
1fd: 94
1fe: 44
1ff: 00
200: 00
201: 00
202: 00
203: 00
204: 00
205: 00
206: 00
207: 00
208: 00
209: 00
20a: 00
20b: 00
20c: 00
20d: 00
20e: 00
20f: 00
210: 00
211: 00
212: 00
213: 00
214: 00
215: 00
216: 00
217: 00
218: 00
219: 00
21a: 00
21b: 00
21c: 00
21d: 00
21e: 00
21f: 00
220: 00
221: 00
222: 00
223: 00
224: 00
225: 00
226: 00
227: 00
228: 00
229: 00
22a: 00
22b: 00
22c: 00
22d: 00
22e: 00
22f: 00
230: 00
231: 00
232: 00
233: 00
234: 00
235: 00
236: 00
237: 00
238: 00
239: 00
23a: 00
23b: 00
23c: 00
23d: 00
23e: 00
23f: 00
240: 00
241: 00
242: 00
243: 00
244: 00
245: 00
246: 00
247: 00
248: 00
249: 00
24a: 00
24b: 00
24c: 00
24d: 00
24e: 00
24f: 00
250: 00
251: 00
252: 00
253: 00
254: 00
255: 00
256: 00
257: 00
258: 00
259: 00
25a: 00
25b: 00
25c: 00
25d: 00
25e: 00
25f: 00
260: 00
261: 00
262: 00
263: 00
264: 00
265: 00
266: 00
267: 00
268: 00
269: 00
26a: 00
26b: 00
26c: 00
26d: 00
26e: 00
26f: 00
270: 00
271: 00
272: 00
273: 00
274: 00
275: 00
276: 00
277: 00
278: 00
279: 00
27a: 00
27b: 00
27c: 00
27d: 00
27e: 00
27f: 00
280: 00
281: 00
282: 00
283: 00
284: 00
285: 00
286: 00
287: 00
288: 00
289: 00
28a: 00
28b: 00
28c: 00
28d: 00
28e: 00
28f: 00
290: 00
291: 00
292: 00
293: 00
294: 00
295: 00
296: 00
297: 00
298: 00
299: 00
29a: 00
29b: 00
29c: 00
29d: 00
29e: 00
29f: 00
2a0: 00
2a1: 00
2a2: 00
2a3: 00
2a4: 00
2a5: 00
2a6: 00
2a7: 00
2a8: 00
2a9: 00
2aa: 00
2ab: 00
2ac: 00
2ad: 00
2ae: 00
2af: 00
2b0: 00
2b1: 00
2b2: 00
2b3: 00
2b4: 00
2b5: 00
2b6: 00
2b7: 00
2b8: 00
2b9: 00
2ba: 00
2bb: 00
2bc: 00
2bd: 00
2be: 00
2bf: 00
2c0: 00
2c1: 00
2c2: 00
2c3: 00
2c4: 00
2c5: 00
2c6: 00
2c7: 00
2c8: 00
2c9: 00
2ca: 00
2cb: 00
2cc: 00
2cd: 00
2ce: 00
2cf: 00
2d0: 00
2d1: 00
2d2: 00
2d3: 00
2d4: 00
2d5: 00
2d6: 00
2d7: 00
2d8: 00
2d9: 00
2da: 00
2db: 00
2dc: 00
2dd: 00
2de: 00
2df: 00
2e0: 00
2e1: 00
2e2: 00
2e3: 00
2e4: 00
2e5: 00
2e6: 00
2e7: 00
2e8: 00
2e9: 00
2ea: 00
2eb: 00
2ec: 00
2ed: 00
2ee: 00
2ef: 00
2f0: 00
2f1: 00
2f2: 00
2f3: 00
2f4: 00
2f5: 00
2f6: 00
2f7: 00
2f8: 00
2f9: 00
2fa: 00
2fb: 00
2fc: 00
2fd: 00
2fe: 00
2ff: 00
300: 00
301: 00
302: 00
303: 00
304: 00
305: 00
306: 00
307: 00
308: 00
309: 00
30a: 00
30b: 00
30c: 00
30d: 00
30e: 00
30f: 00
310: 00
311: 00
312: 00
313: 00
314: 00
315: 00
316: 00
317: 00
318: 00
319: 00
31a: 00
31b: 00
31c: 00
31d: 00
31e: 00
31f: 00
320: 00
321: 00
322: 00
323: 00
324: 00
325: 00
326: 00
327: 00
328: 00
329: 00
32a: 00
32b: 00
32c: 00
32d: 00
32e: 00
32f: 00
330: 00
331: 00
332: 00
333: 00
334: 00
335: 00
336: 00
337: 00
338: 00
339: 00
33a: 00
33b: 00
33c: 00
33d: 00
33e: 00
33f: 00
340: 00
341: 00
342: 00
343: 00
344: 00
345: 00
346: 00
347: 00
348: 00
349: 00
34a: 00
34b: 00
34c: 00
34d: 00
34e: 00
34f: 00
350: 00
351: 00
352: 00
353: 00
354: 00
355: 00
356: 00
357: 00
358: 00
359: 00
35a: 00
35b: 00
35c: 00
35d: 00
35e: 00
35f: 00
360: 00
361: 00
362: 00
363: 00
364: 00
365: 00
366: 00
367: 00
368: 00
369: 00
36a: 00
36b: 00
36c: 00
36d: 00
36e: 00
36f: 00
370: 00
371: 00
372: 00
373: 00
374: 00
375: 00
376: 00
377: 00
378: 00
379: 00
37a: 00
37b: 00
37c: 00
37d: 00
37e: 00
37f: 00
380: 00
381: 00
382: 00
383: 00
384: 00
385: 00
386: 00
387: 00
388: 00
389: 00
38a: 00
38b: 00
38c: 00
38d: 00
38e: 00
38f: 00
390: 00
391: 00
392: 00
393: 00
394: 00
395: 00
396: 00
397: 00
398: 00
399: 00
39a: 00
39b: 00
39c: 00
39d: 00
39e: 00
39f: 00
3a0: 00
3a1: 00
3a2: 00
3a3: 00
3a4: 00
3a5: 00
3a6: 00
3a7: 00
3a8: 00
3a9: 00
3aa: 00
3ab: 00
3ac: 00
3ad: 00
3ae: 00
3af: 00
3b0: 00
3b1: 00
3b2: 00
3b3: 00
3b4: 00
3b5: 00
3b6: 00
3b7: 00
3b8: 00
3b9: 00
3ba: 00
3bb: 00
3bc: 00
3bd: 00
3be: 00
3bf: 00
3c0: 00
3c1: 00
3c2: 06
3c3: 03
3c4: 09
3c5: 1e
3c6: 45
3c7: 04
3c8: 78
3c9: 00
3ca: 00
3cb: 00
3cc: 00
3cd: 00
3ce: c0
3cf: 5d
3d0: 00
3d1: 00
3d2: 00
3d3: 00
3d4: 00
3d5: 00
3d6: ff
3d7: 07
3d8: ff
3d9: 7f
3da: 00
3db: 80
3dc: 00
3dd: 00
3de: 00
3df: 00
3e0: 00
3e1: 00
3e2: 00
3e3: 00
3e4: 00
3e5: 00
3e6: 00
3e7: 00
3e8: 00
3e9: 00
3ea: 00
3eb: 00
3ec: 00
3ed: 00
3ee: 00
3ef: 00
3f0: 00
3f1: 00
3f2: 00
3f3: 00
3f4: 00
3f5: 00
3f6: 00
3f7: 00
3f8: 00
3f9: 00
3fa: 00
3fb: 00
3fc: 00
3fd: 00
3fe: 00
3ff: 00

### raw dump: IFD (217:a0:0:0) pass 1 ###
000: 00
001: 21
002: 01
003: 00
004: 00
005: 00
006: 00
007: 00
008: 00
009: 00
00a: 00
00b: 00
00c: 00
00d: 00
00e: 00
00f: 00
010: 00
011: 00
012: 00
013: 00
014: 00
015: 00
016: 00
017: 00
018: 00
019: 00
01a: 00
01b: 00
01c: 00
01d: 00
01e: 00
01f: 00
020: 4d
021: 47
022: 00
023: 00
024: 00
025: 00
026: 00
027: 00
028: 00
029: 00
02a: 00
02b: 00
02c: 00
02d: 00
02e: 00
02f: 00
030: 00
031: 00
032: 00
033: 00
034: 00
035: 00
036: 00
037: 00
038: 00
039: 00
03a: 00
03b: 00
03c: 00
03d: 00
03e: 00
03f: 00
040: 00
041: 00
042: 00
043: 00
044: 00
045: 00
046: 00
047: 00
048: 00
049: 00
04a: 00
04b: 00
04c: 00
04d: 00
04e: 00
04f: 00
050: 00
051: 00
052: 00
053: 00
054: 00
055: 00
056: 00
057: 00
058: 00
059: 00
05a: 00
05b: 00
05c: 00
05d: 00
05e: 00
05f: 00
060: 00
061: 00
062: 00
063: 00
064: 00
065: 00
066: 00
067: 00
068: 00
069: 00
06a: 00
06b: 00
06c: 00
06d: 00
06e: 00
06f: 00
070: 00
071: 00
072: 00
073: 00
074: 00
075: 00
076: 00
077: 00
078: 00
079: 00
07a: 00
07b: 00
07c: 00
07d: 00
07e: 00
07f: 00
080: 00
081: 00
082: 00
083: 00
084: 00
085: 00
086: 00
087: 00
088: 00
089: 00
08a: 00
08b: 00
08c: 00
08d: 00
08e: 00
08f: 00
090: 00
091: 00
092: 00
093: 00
094: 00
095: 00
096: 00
097: 00
098: 00
099: 00
09a: 00
09b: 00
09c: 00
09d: 00
09e: 00
09f: 00
0a0: 00
0a1: 00
0a2: 00
0a3: 00
0a4: 00
0a5: 00
0a6: 00
0a7: 00
0a8: 00
0a9: 00
0aa: 00
0ab: 00
0ac: 00
0ad: 00
0ae: 00
0af: 00
0b0: 00
0b1: 00
0b2: 00
0b3: 00
0b4: 00
0b5: 00
0b6: 00
0b7: 00
0b8: 00
0b9: 00
0ba: 00
0bb: 00
0bc: 00
0bd: 00
0be: 00
0bf: 00
0c0: 00
0c1: 00
0c2: 00
0c3: 00
0c4: 00
0c5: 00
0c6: 00
0c7: 00
0c8: 00
0c9: 00
0ca: 00
0cb: 00
0cc: 00
0cd: 00
0ce: 00
0cf: 00
0d0: 00
0d1: 00
0d2: 00
0d3: 00
0d4: 00
0d5: 00
0d6: 00
0d7: 00
0d8: 00
0d9: 00
0da: 00
0db: 00
0dc: 00
0dd: 00
0de: 00
0df: 00
0e0: 00
0e1: 00
0e2: 00
0e3: 00
0e4: 00
0e5: 00
0e6: 00
0e7: 00
0e8: 00
0e9: 00
0ea: 00
0eb: 00
0ec: 00
0ed: 00
0ee: 00
0ef: 00
0f0: 00
0f1: 00
0f2: 00
0f3: 00
0f4: 00
0f5: 00
0f6: 00
0f7: 00
0f8: 00
0f9: 00
0fa: 00
0fb: 00
0fc: 00
0fd: 00
0fe: 00
0ff: 00
100: 00
101: 00
102: 00
103: 00
104: 00
105: 00
106: 00
107: 00
108: 00
109: 00
10a: 00
10b: 00
10c: 00
10d: 00
10e: 00
10f: 00
110: 00
111: 00
112: 00
113: 00
114: 00
115: 00
116: 00
117: 00
118: 00
119: 00
11a: 00
11b: 00
11c: 00
11d: 00
11e: 00
11f: 00
120: 00
121: 00
122: 00
123: 00
124: 00
125: 00
126: 00
127: 00
128: 00
129: 00
12a: 00
12b: 00
12c: 00
12d: 00
12e: 00
12f: 00
130: 00
131: 00
132: 00
133: 00
134: 00
135: 00
136: 00
137: 00
138: 00
139: 00
13a: 00
13b: 00
13c: 00
13d: 00
13e: 00
13f: 00
140: 00
141: 00
142: 00
143: 00
144: 00
145: 00
146: 00
147: 00
148: 00
149: 00
14a: 00
14b: 00
14c: 00
14d: 00
14e: 00
14f: 00
150: 00
151: 00
152: 00
153: 00
154: 00
155: 00
156: 00
157: 00
158: 00
159: 00
15a: 00
15b: 00
15c: 00
15d: 00
15e: 00
15f: 00
160: 00
161: 00
162: 00
163: 00
164: 00
165: 00
166: 00
167: 00
168: 00
169: 00
16a: 00
16b: 00
16c: 00
16d: 00
16e: 00
16f: 00
170: 00
171: 00
172: 00
173: 00
174: 00
175: 00
176: 00
177: 00
178: 00
179: 00
17a: 00
17b: 00
17c: 00
17d: 00
17e: 00
17f: 00
180: 00
181: 00
182: 00
183: 00
184: 00
185: 00
186: 00
187: 00
188: 00
189: 00
18a: 00
18b: 00
18c: 00
18d: 00
18e: 00
18f: 00
190: 00
191: 00
192: 00
193: 00
194: 00
195: 00
196: 00
197: 00
198: 00
199: 00
19a: 00
19b: 00
19c: 00
19d: 00
19e: 00
19f: 00
1a0: 00
1a1: 00
1a2: 00
1a3: 00
1a4: 00
1a5: 00
1a6: 00
1a7: 00
1a8: 00
1a9: 00
1aa: 00
1ab: 00
1ac: 00
1ad: 00
1ae: 00
1af: 00
1b0: 00
1b1: 00
1b2: 00
1b3: 00
1b4: 00
1b5: 00
1b6: 00
1b7: 00
1b8: 00
1b9: 00
1ba: 00
1bb: 00
1bc: 00
1bd: 00
1be: 00
1bf: 00
1c0: 00
1c1: 00
1c2: 00
1c3: 00
1c4: 00
1c5: 00
1c6: 00
1c7: 00
1c8: 00
1c9: 00
1ca: 00
1cb: 00
1cc: 00
1cd: 00
1ce: 00
1cf: 00
1d0: 00
1d1: 00
1d2: 00
1d3: 00
1d4: 00
1d5: 00
1d6: 00
1d7: 00
1d8: 00
1d9: 00
1da: 00
1db: 00
1dc: 00
1dd: 00
1de: 00
1df: 00
1e0: 00
1e1: 00
1e2: 00
1e3: 00
1e4: 00
1e5: 00
1e6: 00
1e7: 00
1e8: 00
1e9: 00
1ea: 00
1eb: 00
1ec: 00
1ed: 00
1ee: 00
1ef: 00
1f0: 00
1f1: 00
1f2: 00
1f3: 00
1f4: 00
1f5: 00
1f6: 00
1f7: 00
1f8: 00
1f9: 00
1fa: 00
1fb: 00
1fc: 00
1fd: 00
1fe: 00
1ff: 00
200: 00
201: 00
202: 00
203: 00
204: 00
205: 00
206: 00
207: 00
208: 00
209: 00
20a: 00
20b: 00
20c: 00
20d: 00
20e: 00
20f: 00
210: 00
211: 00
212: 00
213: 00
214: 00
215: 00
216: 00
217: 00
218: 00
219: 00
21a: 00
21b: 00
21c: 00
21d: 00
21e: 00
21f: 00
220: 00
221: 00
222: 00
223: 00
224: 00
225: 00
226: 00
227: 00
228: 00
229: 00
22a: 00
22b: 00
22c: 00
22d: 00
22e: 00
22f: 00
230: 00
231: 00
232: 00
233: 00
234: 00
235: 00
236: 00
237: 00
238: 00
239: 00
23a: 00
23b: 00
23c: 00
23d: 00
23e: 00
23f: 00
240: 00
241: 00
242: 00
243: 00
244: 00
245: 00
246: 00
247: 00
248: 00
249: 00
24a: 00
24b: 00
24c: 00
24d: 00
24e: 00
24f: 00
250: 00
251: 00
252: 00
253: 00
254: 00
255: 00
256: 00
257: 00
258: 00
259: 00
25a: 00
25b: 00
25c: 00
25d: 00
25e: 00
25f: 00
260: 00
261: 00
262: 00
263: 00
264: 00
265: 00
266: 00
267: 00
268: 00
269: 00
26a: 00
26b: 00
26c: 00
26d: 00
26e: 00
26f: 00
270: 00
271: 00
272: 00
273: 00
274: 00
275: 00
276: 00
277: 00
278: 00
279: 00
27a: 00
27b: 00
27c: 00
27d: 00
27e: 00
27f: 00
280: 00
281: 00
282: 00
283: 00
284: 00
285: 00
286: 00
287: 00
288: 00
289: 00
28a: 00
28b: 00
28c: 00
28d: 00
28e: 00
28f: 00
290: 00
291: 00
292: 00
293: 00
294: 00
295: 00
296: 00
297: 00
298: 00
299: 00
29a: 00
29b: 00
29c: 00
29d: 00
29e: 00
29f: 00
2a0: 00
2a1: 00
2a2: 00
2a3: 00
2a4: 00
2a5: 00
2a6: 00
2a7: 00
2a8: 00
2a9: 00
2aa: 00
2ab: 00
2ac: 00
2ad: 00
2ae: 00
2af: 00
2b0: 00
2b1: 00
2b2: 00
2b3: 00
2b4: 00
2b5: 00
2b6: 00
2b7: 00
2b8: 00
2b9: 00
2ba: 00
2bb: 00
2bc: 00
2bd: 00
2be: 00
2bf: 00
2c0: 00
2c1: 00
2c2: 00
2c3: 00
2c4: 00
2c5: 00
2c6: 00
2c7: 00
2c8: 00
2c9: 00
2ca: 00
2cb: 00
2cc: 00
2cd: 00
2ce: 00
2cf: 00
2d0: 00
2d1: 00
2d2: 00
2d3: 00
2d4: 00
2d5: 00
2d6: 00
2d7: 00
2d8: 00
2d9: 00
2da: 00
2db: 00
2dc: 00
2dd: 00
2de: 00
2df: 00
2e0: 00
2e1: 00
2e2: 00
2e3: 00
2e4: 00
2e5: 00
2e6: 00
2e7: 00
2e8: 00
2e9: 00
2ea: 00
2eb: 00
2ec: 00
2ed: 00
2ee: 00
2ef: 00
2f0: 00
2f1: 00
2f2: 00
2f3: 00
2f4: 00
2f5: 00
2f6: 00
2f7: 00
2f8: 00
2f9: 00
2fa: 00
2fb: 00
2fc: 00
2fd: 00
2fe: 00
2ff: 00
300: 00
301: 00
302: 00
303: 00
304: 00
305: 00
306: 00
307: 00
308: 00
309: 00
30a: 00
30b: 00
30c: 00
30d: 00
30e: 00
30f: 00
310: 00
311: 00
312: 00
313: 00
314: 00
315: 00
316: 00
317: 00
318: 00
319: 00
31a: 00
31b: 00
31c: 00
31d: 00
31e: 00
31f: 00
320: 00
321: 00
322: 00
323: 00
324: 00
325: 00
326: 00
327: 00
328: 00
329: 00
32a: 00
32b: 00
32c: 00
32d: 00
32e: 00
32f: 00
330: 00
331: 00
332: 00
333: 00
334: 00
335: 00
336: 00
337: 00
338: 00
339: 00
33a: 00
33b: 00
33c: 00
33d: 00
33e: 00
33f: 00
340: 00
341: 00
342: 00
343: 00
344: 00
345: 00
346: 00
347: 00
348: 00
349: 00
34a: 00
34b: 00
34c: 00
34d: 00
34e: 00
34f: 00
350: 00
351: 00
352: 00
353: 00
354: 00
355: 00
356: 00
357: 00
358: 00
359: 00
35a: 00
35b: 00
35c: 00
35d: 00
35e: 00
35f: 00
360: 00
361: 00
362: 00
363: 00
364: 00
365: 00
366: 00
367: 00
368: 00
369: 00
36a: 00
36b: 00
36c: 00
36d: 00
36e: 00
36f: 00
370: 00
371: 00
372: 00
373: 00
374: 00
375: 00
376: 00
377: 00
378: 00
379: 00
37a: 00
37b: 00
37c: 00
37d: 00
37e: 00
37f: 00
380: 00
381: 00
382: 00
383: 00
384: 00
385: 00
386: 00
387: 00
388: 00
389: 00
38a: 00
38b: 00
38c: 00
38d: 00
38e: 00
38f: 00
390: 00
391: 00
392: 00
393: 00
394: 00
395: 00
396: 00
397: 00
398: 00
399: 00
39a: 00
39b: 00
39c: 00
39d: 00
39e: 00
39f: 00
3a0: 00
3a1: 00
3a2: 00
3a3: 00
3a4: 00
3a5: 00
3a6: 00
3a7: 00
3a8: 00
3a9: 00
3aa: 00
3ab: 00
3ac: 00
3ad: 00
3ae: 00
3af: 00
3b0: 00
3b1: 00
3b2: 00
3b3: 00
3b4: 00
3b5: 00
3b6: 00
3b7: 00
3b8: 00
3b9: 00
3ba: 00
3bb: 00
3bc: 00
3bd: 00
3be: 00
3bf: 00
3c0: 00
3c1: 00
3c2: 00
3c3: 00
3c4: 00
3c5: 00
3c6: 00
3c7: 00
3c8: 00
3c9: 00
3ca: 00
3cb: 00
3cc: 00
3cd: 00
3ce: 00
3cf: 00
3d0: 00
3d1: 00
3d2: 00
3d3: 00
3d4: 00
3d5: 00
3d6: 00
3d7: 00
3d8: 00
3d9: 00
3da: 00
3db: 00
3dc: 00
3dd: 00
3de: 00
3df: 00
3e0: 00
3e1: 00
3e2: 00
3e3: 00
3e4: 00
3e5: 00
3e6: 00
3e7: 00
3e8: 00
3e9: 00
3ea: 00
3eb: 00
3ec: 00
3ed: 00
3ee: 00
3ef: 00
3f0: 00
3f1: 00
3f2: 00
3f3: 00
3f4: 00
3f5: 00
3f6: 00
3f7: 00
3f8: 00
3f9: 00
3fa: 00
3fb: 00
3fc: 00
3fd: 00
3fe: 00
3ff: 00

### raw dump: IFD (217:a0:0:0) pass 2 ###
000: 00
001: 21
002: 01
003: 00
004: 00
005: 00
006: 00
007: 00
008: 00
009: 00
00a: 00
00b: 00
00c: 00
00d: 00
00e: 00
00f: 00
010: 00
011: 00
012: 00
013: 00
014: 00
015: 00
016: 00
017: 00
018: 00
019: 00
01a: 00
01b: 00
01c: 00
01d: 00
01e: 00
01f: 00
020: 4d
021: 47
022: 00
023: 00
024: 00
025: 00
026: 00
027: 00
028: 00
029: 00
02a: 00
02b: 00
02c: 00
02d: 00
02e: 00
02f: 00
030: 00
031: 00
032: 00
033: 00
034: 00
035: 00
036: 00
037: 00
038: 00
039: 00
03a: 00
03b: 00
03c: 00
03d: 00
03e: 00
03f: 00
040: 00
041: 00
042: 00
043: 00
044: 00
045: 00
046: 00
047: 00
048: 00
049: 00
04a: 00
04b: 00
04c: 00
04d: 00
04e: 00
04f: 00
050: 00
051: 00
052: 00
053: 00
054: 00
055: 00
056: 00
057: 00
058: 00
059: 00
05a: 00
05b: 00
05c: 00
05d: 00
05e: 00
05f: 00
060: 00
061: 00
062: 00
063: 00
064: 00
065: 00
066: 00
067: 00
068: 00
069: 00
06a: 00
06b: 00
06c: 00
06d: 00
06e: 00
06f: 00
070: 00
071: 00
072: 00
073: 00
074: 00
075: 00
076: 00
077: 00
078: 00
079: 00
07a: 00
07b: 00
07c: 00
07d: 00
07e: 00
07f: 00
080: 00
081: 00
082: 00
083: 00
084: 00
085: 00
086: 00
087: 00
088: 00
089: 00
08a: 00
08b: 00
08c: 00
08d: 00
08e: 00
08f: 00
090: 00
091: 00
092: 00
093: 00
094: 00
095: 00
096: 00
097: 00
098: 00
099: 00
09a: 00
09b: 00
09c: 00
09d: 00
09e: 00
09f: 00
0a0: 00
0a1: 00
0a2: 00
0a3: 00
0a4: 00
0a5: 00
0a6: 00
0a7: 00
0a8: 00
0a9: 00
0aa: 00
0ab: 00
0ac: 00
0ad: 00
0ae: 00
0af: 00
0b0: 00
0b1: 00
0b2: 00
0b3: 00
0b4: 00
0b5: 00
0b6: 00
0b7: 00
0b8: 00
0b9: 00
0ba: 00
0bb: 00
0bc: 00
0bd: 00
0be: 00
0bf: 00
0c0: 00
0c1: 00
0c2: 00
0c3: 00
0c4: 00
0c5: 00
0c6: 00
0c7: 00
0c8: 00
0c9: 00
0ca: 00
0cb: 00
0cc: 00
0cd: 00
0ce: 00
0cf: 00
0d0: 00
0d1: 00
0d2: 00
0d3: 00
0d4: 00
0d5: 00
0d6: 00
0d7: 00
0d8: 00
0d9: 00
0da: 00
0db: 00
0dc: 00
0dd: 00
0de: 00
0df: 00
0e0: 00
0e1: 00
0e2: 00
0e3: 00
0e4: 00
0e5: 00
0e6: 00
0e7: 00
0e8: 00
0e9: 00
0ea: 00
0eb: 00
0ec: 00
0ed: 00
0ee: 00
0ef: 00
0f0: 00
0f1: 00
0f2: 00
0f3: 00
0f4: 00
0f5: 00
0f6: 00
0f7: 00
0f8: 00
0f9: 00
0fa: 00
0fb: 00
0fc: 00
0fd: 00
0fe: 00
0ff: 00
100: 00
101: 00
102: 00
103: 00
104: 00
105: 00
106: 00
107: 00
108: 00
109: 00
10a: 00
10b: 00
10c: 00
10d: 00
10e: 00
10f: 00
110: 00
111: 00
112: 00
113: 00
114: 00
115: 00
116: 00
117: 00
118: 00
119: 00
11a: 00
11b: 00
11c: 00
11d: 00
11e: 00
11f: 00
120: 00
121: 00
122: 00
123: 00
124: 00
125: 00
126: 00
127: 00
128: 00
129: 00
12a: 00
12b: 00
12c: 00
12d: 00
12e: 00
12f: 00
130: 00
131: 00
132: 00
133: 00
134: 00
135: 00
136: 00
137: 00
138: 00
139: 00
13a: 00
13b: 00
13c: 00
13d: 00
13e: 00
13f: 00
140: 00
141: 00
142: 00
143: 00
144: 00
145: 00
146: 00
147: 00
148: 00
149: 00
14a: 00
14b: 00
14c: 00
14d: 00
14e: 00
14f: 00
150: 00
151: 00
152: 00
153: 00
154: 00
155: 00
156: 00
157: 00
158: 00
159: 00
15a: 00
15b: 00
15c: 00
15d: 00
15e: 00
15f: 00
160: 00
161: 00
162: 00
163: 00
164: 00
165: 00
166: 00
167: 00
168: 00
169: 00
16a: 00
16b: 00
16c: 00
16d: 00
16e: 00
16f: 00
170: 00
171: 00
172: 00
173: 00
174: 00
175: 00
176: 00
177: 00
178: 00
179: 00
17a: 00
17b: 00
17c: 00
17d: 00
17e: 00
17f: 00
180: 00
181: 00
182: 00
183: 00
184: 00
185: 00
186: 00
187: 00
188: 00
189: 00
18a: 00
18b: 00
18c: 00
18d: 00
18e: 00
18f: 00
190: 00
191: 00
192: 00
193: 00
194: 00
195: 00
196: 00
197: 00
198: 00
199: 00
19a: 00
19b: 00
19c: 00
19d: 00
19e: 00
19f: 00
1a0: 00
1a1: 00
1a2: 00
1a3: 00
1a4: 00
1a5: 00
1a6: 00
1a7: 00
1a8: 00
1a9: 00
1aa: 00
1ab: 00
1ac: 00
1ad: 00
1ae: 00
1af: 00
1b0: 00
1b1: 00
1b2: 00
1b3: 00
1b4: 00
1b5: 00
1b6: 00
1b7: 00
1b8: 00
1b9: 00
1ba: 00
1bb: 00
1bc: 00
1bd: 00
1be: 00
1bf: 00
1c0: 00
1c1: 00
1c2: 00
1c3: 00
1c4: 00
1c5: 00
1c6: 00
1c7: 00
1c8: 00
1c9: 00
1ca: 00
1cb: 00
1cc: 00
1cd: 00
1ce: 00
1cf: 00
1d0: 00
1d1: 00
1d2: 00
1d3: 00
1d4: 00
1d5: 00
1d6: 00
1d7: 00
1d8: 00
1d9: 00
1da: 00
1db: 00
1dc: 00
1dd: 00
1de: 00
1df: 00
1e0: 00
1e1: 00
1e2: 00
1e3: 00
1e4: 00
1e5: 00
1e6: 00
1e7: 00
1e8: 00
1e9: 00
1ea: 00
1eb: 00
1ec: 00
1ed: 00
1ee: 00
1ef: 00
1f0: 00
1f1: 00
1f2: 00
1f3: 00
1f4: 00
1f5: 00
1f6: 00
1f7: 00
1f8: 00
1f9: 00
1fa: 00
1fb: 00
1fc: 00
1fd: 00
1fe: 00
1ff: 00
200: 00
201: 00
202: 00
203: 00
204: 00
205: 00
206: 00
207: 00
208: 00
209: 00
20a: 00
20b: 00
20c: 00
20d: 00
20e: 00
20f: 00
210: 00
211: 00
212: 00
213: 00
214: 00
215: 00
216: 00
217: 00
218: 00
219: 00
21a: 00
21b: 00
21c: 00
21d: 00
21e: 00
21f: 00
220: 00
221: 00
222: 00
223: 00
224: 00
225: 00
226: 00
227: 00
228: 00
229: 00
22a: 00
22b: 00
22c: 00
22d: 00
22e: 00
22f: 00
230: 00
231: 00
232: 00
233: 00
234: 00
235: 00
236: 00
237: 00
238: 00
239: 00
23a: 00
23b: 00
23c: 00
23d: 00
23e: 00
23f: 00
240: 00
241: 00
242: 00
243: 00
244: 00
245: 00
246: 00
247: 00
248: 00
249: 00
24a: 00
24b: 00
24c: 00
24d: 00
24e: 00
24f: 00
250: 00
251: 00
252: 00
253: 00
254: 00
255: 00
256: 00
257: 00
258: 00
259: 00
25a: 00
25b: 00
25c: 00
25d: 00
25e: 00
25f: 00
260: 00
261: 00
262: 00
263: 00
264: 00
265: 00
266: 00
267: 00
268: 00
269: 00
26a: 00
26b: 00
26c: 00
26d: 00
26e: 00
26f: 00
270: 00
271: 00
272: 00
273: 00
274: 00
275: 00
276: 00
277: 00
278: 00
279: 00
27a: 00
27b: 00
27c: 00
27d: 00
27e: 00
27f: 00
280: 00
281: 00
282: 00
283: 00
284: 00
285: 00
286: 00
287: 00
288: 00
289: 00
28a: 00
28b: 00
28c: 00
28d: 00
28e: 00
28f: 00
290: 00
291: 00
292: 00
293: 00
294: 00
295: 00
296: 00
297: 00
298: 00
299: 00
29a: 00
29b: 00
29c: 00
29d: 00
29e: 00
29f: 00
2a0: 00
2a1: 00
2a2: 00
2a3: 00
2a4: 00
2a5: 00
2a6: 00
2a7: 00
2a8: 00
2a9: 00
2aa: 00
2ab: 00
2ac: 00
2ad: 00
2ae: 00
2af: 00
2b0: 00
2b1: 00
2b2: 00
2b3: 00
2b4: 00
2b5: 00
2b6: 00
2b7: 00
2b8: 00
2b9: 00
2ba: 00
2bb: 00
2bc: 00
2bd: 00
2be: 00
2bf: 00
2c0: 00
2c1: 00
2c2: 00
2c3: 00
2c4: 00
2c5: 00
2c6: 00
2c7: 00
2c8: 00
2c9: 00
2ca: 00
2cb: 00
2cc: 00
2cd: 00
2ce: 00
2cf: 00
2d0: 00
2d1: 00
2d2: 00
2d3: 00
2d4: 00
2d5: 00
2d6: 00
2d7: 00
2d8: 00
2d9: 00
2da: 00
2db: 00
2dc: 00
2dd: 00
2de: 00
2df: 00
2e0: 00
2e1: 00
2e2: 00
2e3: 00
2e4: 00
2e5: 00
2e6: 00
2e7: 00
2e8: 00
2e9: 00
2ea: 00
2eb: 00
2ec: 00
2ed: 00
2ee: 00
2ef: 00
2f0: 00
2f1: 00
2f2: 00
2f3: 00
2f4: 00
2f5: 00
2f6: 00
2f7: 00
2f8: 00
2f9: 00
2fa: 00
2fb: 00
2fc: 00
2fd: 00
2fe: 00
2ff: 00
300: 00
301: 00
302: 00
303: 00
304: 00
305: 00
306: 00
307: 00
308: 00
309: 00
30a: 00
30b: 00
30c: 00
30d: 00
30e: 00
30f: 00
310: 00
311: 00
312: 00
313: 00
314: 00
315: 00
316: 00
317: 00
318: 00
319: 00
31a: 00
31b: 00
31c: 00
31d: 00
31e: 00
31f: 00
320: 00
321: 00
322: 00
323: 00
324: 00
325: 00
326: 00
327: 00
328: 00
329: 00
32a: 00
32b: 00
32c: 00
32d: 00
32e: 00
32f: 00
330: 00
331: 00
332: 00
333: 00
334: 00
335: 00
336: 00
337: 00
338: 00
339: 00
33a: 00
33b: 00
33c: 00
33d: 00
33e: 00
33f: 00
340: 00
341: 00
342: 00
343: 00
344: 00
345: 00
346: 00
347: 00
348: 00
349: 00
34a: 00
34b: 00
34c: 00
34d: 00
34e: 00
34f: 00
350: 00
351: 00
352: 00
353: 00
354: 00
355: 00
356: 00
357: 00
358: 00
359: 00
35a: 00
35b: 00
35c: 00
35d: 00
35e: 00
35f: 00
360: 00
361: 00
362: 00
363: 00
364: 00
365: 00
366: 00
367: 00
368: 00
369: 00
36a: 00
36b: 00
36c: 00
36d: 00
36e: 00
36f: 00
370: 00
371: 00
372: 00
373: 00
374: 00
375: 00
376: 00
377: 00
378: 00
379: 00
37a: 00
37b: 00
37c: 00
37d: 00
37e: 00
37f: 00
380: 00
381: 00
382: 00
383: 00
384: 00
385: 00
386: 00
387: 00
388: 00
389: 00
38a: 00
38b: 00
38c: 00
38d: 00
38e: 00
38f: 00
390: 00
391: 00
392: 00
393: 00
394: 00
395: 00
396: 00
397: 00
398: 00
399: 00
39a: 00
39b: 00
39c: 00
39d: 00
39e: 00
39f: 00
3a0: 00
3a1: 00
3a2: 00
3a3: 00
3a4: 00
3a5: 00
3a6: 00
3a7: 00
3a8: 00
3a9: 00
3aa: 00
3ab: 00
3ac: 00
3ad: 00
3ae: 00
3af: 00
3b0: 00
3b1: 00
3b2: 00
3b3: 00
3b4: 00
3b5: 00
3b6: 00
3b7: 00
3b8: 00
3b9: 00
3ba: 00
3bb: 00
3bc: 00
3bd: 00
3be: 00
3bf: 00
3c0: 00
3c1: 00
3c2: 00
3c3: 00
3c4: 00
3c5: 00
3c6: 00
3c7: 00
3c8: 00
3c9: 00
3ca: 00
3cb: 00
3cc: 00
3cd: 00
3ce: 00
3cf: 00
3d0: 00
3d1: 00
3d2: 00
3d3: 00
3d4: 00
3d5: 00
3d6: 00
3d7: 00
3d8: 00
3d9: 00
3da: 00
3db: 00
3dc: 00
3dd: 00
3de: 00
3df: 00
3e0: 00
3e1: 00
3e2: 00
3e3: 00
3e4: 00
3e5: 00
3e6: 00
3e7: 00
3e8: 00
3e9: 00
3ea: 00
3eb: 00
3ec: 00
3ed: 00
3ee: 00
3ef: 00
3f0: 00
3f1: 00
3f2: 00
3f3: 00
3f4: 00
3f5: 00
3f6: 00
3f7: 00
3f8: 00
3f9: 00
3fa: 00
3fb: 00
3fc: 00
3fd: 00
3fe: 00
3ff: 00
