WCD9320 CDC three-stage snapshot, core-init-rc4, fresh path
===========================================================
0x200-0x3bf, 448 registers, 32 bytes per line.
before=0 non-zero, after_bringup=94, after=95.

### sentinel_before ###
0000000000000000000000000000000000000000000000000000000000000000
0000000000000000000000000000000000000000000000000000000000000000
0000000000000000000000000000000000000000000000000000000000000000
0000000000000000000000000000000000000000000000000000000000000000
0000000000000000000000000000000000000000000000000000000000000000
0000000000000000000000000000000000000000000000000000000000000000
0000000000000000000000000000000000000000000000000000000000000000
0000000000000000000000000000000000000000000000000000000000000000
0000000000000000000000000000000000000000000000000000000000000000
0000000000000000000000000000000000000000000000000000000000000000
0000000000000000000000000000000000000000000000000000000000000000
0000000000000000000000000000000000000000000000000000000000000000
0000000000000000000000000000000000000000000000000000000000000000
0000000000000000000000000000000000000000000000000000000000000000

### sentinel_after_bringup ###
0000000000000000000000000000000000000000000000000000000000000000
0000004803000000000000480300000000000048030000000000004803000000
0000004803000000000000480300000000000048030000000000004803000000
0000004803000000000000480300000000000000000000000000000000000000
0000000000000000000000000000000000000000000000000000000000000000
001b000000000000001b00000000000000000008788000000000000878800000
0000000878800000000000087880000000000008788000000000000878800000
00000008788000001a000004e001402a86701818030100640100000000000000
0000000000000303000000000000000000000000000000000000000000000000
e4000000120c182300a4d7056009000000000000000000000000000000000000
0000000000000000400000000000000000000000000000004000000000000000
000000000000000030b528377f00030330b528377f00030330b528377f000303
0000000000000000000000000000000000000000000000000000000000000000
0000000000000000000000000000000000010100000000000000000000000000

### sentinel_after ###
0000000000000000000000000000000000000000000000000000000000000000
0000004803000000000000480300000000000048030000000000004803000000
0000004803000000000000480300000000000048030000000000004803000000
0000004803000000000000480300000000000000000000000000000000000000
0000000000000000000000000000000000000000000000000000000000000000
001b000000000000001b00000000000000000008788000000000000878800000
0000000878800000000000087880000000000008788000000000000878800000
00000008788000001a000004e001402a86701818030100640100000000000000
0000000000000303000000000000000000010000000000000000000000000000
e4000000120c182300a4d7056009000000000000000000000000000000000000
0000000000000000400000000000000000000000000000004000000000000000
000000000000000030b528377f00030330b528377f00030330b528377f000303
0000000000000000000000000000000000000000000000000000000000000000
0000000000000000000000000000000000010100000000000000000000000000

